2026-06-16 13:19:56: (node:385701) Warning: SECURITY WARNING: The SSL modes 'prefer', 'require', and 'verify-ca' are treated as aliases for 'verify-full'.
2026-06-16 13:19:56: In the next major version (pg-connection-string v3.0.0 and pg v9.0.0), these modes will adopt standard libpq semantics, which have weaker security guarantees.
2026-06-16 13:19:56: 
2026-06-16 13:19:56: To prepare for this change:
2026-06-16 13:19:56: - If you want the current behavior, explicitly use 'sslmode=verify-full'
2026-06-16 13:19:56: - If you want libpq compatibility now, use 'uselibpqcompat=true&sslmode=require'
2026-06-16 13:19:56: 
2026-06-16 13:19:56: See https://www.postgresql.org/docs/current/libpq-ssl.html for libpq SSL mode definitions.
2026-06-16 13:19:56: (Use `node --trace-warnings ...` to show where the warning was created)
2026-06-17 15:28:24: (node:705667) Warning: SECURITY WARNING: The SSL modes 'prefer', 'require', and 'verify-ca' are treated as aliases for 'verify-full'.
2026-06-17 15:28:24: In the next major version (pg-connection-string v3.0.0 and pg v9.0.0), these modes will adopt standard libpq semantics, which have weaker security guarantees.
2026-06-17 15:28:24: 
2026-06-17 15:28:24: To prepare for this change:
2026-06-17 15:28:24: - If you want the current behavior, explicitly use 'sslmode=verify-full'
2026-06-17 15:28:24: - If you want libpq compatibility now, use 'uselibpqcompat=true&sslmode=require'
2026-06-17 15:28:24: 
2026-06-17 15:28:24: See https://www.postgresql.org/docs/current/libpq-ssl.html for libpq SSL mode definitions.
2026-06-17 15:28:24: (Use `node --trace-warnings ...` to show where the warning was created)
2026-06-17 16:09:42: (node:724570) Warning: SECURITY WARNING: The SSL modes 'prefer', 'require', and 'verify-ca' are treated as aliases for 'verify-full'.
2026-06-17 16:09:42: In the next major version (pg-connection-string v3.0.0 and pg v9.0.0), these modes will adopt standard libpq semantics, which have weaker security guarantees.
2026-06-17 16:09:42: 
2026-06-17 16:09:42: To prepare for this change:
2026-06-17 16:09:42: - If you want the current behavior, explicitly use 'sslmode=verify-full'
2026-06-17 16:09:42: - If you want libpq compatibility now, use 'uselibpqcompat=true&sslmode=require'
2026-06-17 16:09:42: 
2026-06-17 16:09:42: See https://www.postgresql.org/docs/current/libpq-ssl.html for libpq SSL mode definitions.
2026-06-17 16:09:42: (Use `node --trace-warnings ...` to show where the warning was created)
2026-06-17 16:20:58: ReferenceError: router is not defined
2026-06-17 16:20:58:     at Object.<anonymous> (/var/www/html/sites/biometrico/backend/routes/excelRoutes.js:4:1)
2026-06-17 16:20:58:     at Module._compile (node:internal/modules/cjs/loader:1521:14)
2026-06-17 16:20:58:     at Module._extensions..js (node:internal/modules/cjs/loader:1623:10)
2026-06-17 16:20:58:     at Module.load (node:internal/modules/cjs/loader:1266:32)
2026-06-17 16:20:58:     at Module._load (node:internal/modules/cjs/loader:1091:12)
2026-06-17 16:20:58:     at Module.require (node:internal/modules/cjs/loader:1289:19)
2026-06-17 16:20:58:     at require (node:internal/modules/helpers:182:18)
2026-06-17 16:20:58:     at Object.<anonymous> (/var/www/html/sites/biometrico/backend/index.js:17:21)
2026-06-17 16:20:58:     at Module._compile (node:internal/modules/cjs/loader:1521:14)
2026-06-17 16:20:58:     at Module._extensions..js (node:internal/modules/cjs/loader:1623:10)
2026-06-17 16:21:03: ReferenceError: router is not defined
2026-06-17 16:21:03:     at Object.<anonymous> (/var/www/html/sites/biometrico/backend/routes/excelRoutes.js:4:1)
2026-06-17 16:21:03:     at Module._compile (node:internal/modules/cjs/loader:1521:14)
2026-06-17 16:21:03:     at Module._extensions..js (node:internal/modules/cjs/loader:1623:10)
2026-06-17 16:21:03:     at Module.load (node:internal/modules/cjs/loader:1266:32)
2026-06-17 16:21:03:     at Module._load (node:internal/modules/cjs/loader:1091:12)
2026-06-17 16:21:03:     at Module.require (node:internal/modules/cjs/loader:1289:19)
2026-06-17 16:21:03:     at require (node:internal/modules/helpers:182:18)
2026-06-17 16:21:03:     at Object.<anonymous> (/var/www/html/sites/biometrico/backend/index.js:17:21)
2026-06-17 16:21:03:     at Module._compile (node:internal/modules/cjs/loader:1521:14)
2026-06-17 16:21:03:     at Module._extensions..js (node:internal/modules/cjs/loader:1623:10)
2026-06-17 16:21:08: ReferenceError: router is not defined
2026-06-17 16:21:08:     at Object.<anonymous> (/var/www/html/sites/biometrico/backend/routes/excelRoutes.js:4:1)
2026-06-17 16:21:08:     at Module._compile (node:internal/modules/cjs/loader:1521:14)
2026-06-17 16:21:08:     at Module._extensions..js (node:internal/modules/cjs/loader:1623:10)
2026-06-17 16:21:08:     at Module.load (node:internal/modules/cjs/loader:1266:32)
2026-06-17 16:21:08:     at Module._load (node:internal/modules/cjs/loader:1091:12)
2026-06-17 16:21:08:     at Module.require (node:internal/modules/cjs/loader:1289:19)
2026-06-17 16:21:08:     at require (node:internal/modules/helpers:182:18)
2026-06-17 16:21:08:     at Object.<anonymous> (/var/www/html/sites/biometrico/backend/index.js:17:21)
2026-06-17 16:21:08:     at Module._compile (node:internal/modules/cjs/loader:1521:14)
2026-06-17 16:21:08:     at Module._extensions..js (node:internal/modules/cjs/loader:1623:10)
2026-06-17 16:21:13: ReferenceError: router is not defined
2026-06-17 16:21:13:     at Object.<anonymous> (/var/www/html/sites/biometrico/backend/routes/excelRoutes.js:4:1)
2026-06-17 16:21:13:     at Module._compile (node:internal/modules/cjs/loader:1521:14)
2026-06-17 16:21:13:     at Module._extensions..js (node:internal/modules/cjs/loader:1623:10)
2026-06-17 16:21:13:     at Module.load (node:internal/modules/cjs/loader:1266:32)
2026-06-17 16:21:13:     at Module._load (node:internal/modules/cjs/loader:1091:12)
2026-06-17 16:21:13:     at Module.require (node:internal/modules/cjs/loader:1289:19)
2026-06-17 16:21:13:     at require (node:internal/modules/helpers:182:18)
2026-06-17 16:21:13:     at Object.<anonymous> (/var/www/html/sites/biometrico/backend/index.js:17:21)
2026-06-17 16:21:13:     at Module._compile (node:internal/modules/cjs/loader:1521:14)
2026-06-17 16:21:13:     at Module._extensions..js (node:internal/modules/cjs/loader:1623:10)
2026-06-17 16:21:19: ReferenceError: router is not defined
2026-06-17 16:21:19:     at Object.<anonymous> (/var/www/html/sites/biometrico/backend/routes/excelRoutes.js:4:1)
2026-06-17 16:21:19:     at Module._compile (node:internal/modules/cjs/loader:1521:14)
2026-06-17 16:21:19:     at Module._extensions..js (node:internal/modules/cjs/loader:1623:10)
2026-06-17 16:21:19:     at Module.load (node:internal/modules/cjs/loader:1266:32)
2026-06-17 16:21:19:     at Module._load (node:internal/modules/cjs/loader:1091:12)
2026-06-17 16:21:19:     at Module.require (node:internal/modules/cjs/loader:1289:19)
2026-06-17 16:21:19:     at require (node:internal/modules/helpers:182:18)
2026-06-17 16:21:19:     at Object.<anonymous> (/var/www/html/sites/biometrico/backend/index.js:17:21)
2026-06-17 16:21:19:     at Module._compile (node:internal/modules/cjs/loader:1521:14)
2026-06-17 16:21:19:     at Module._extensions..js (node:internal/modules/cjs/loader:1623:10)
2026-06-17 16:21:24: ReferenceError: router is not defined
2026-06-17 16:21:24:     at Object.<anonymous> (/var/www/html/sites/biometrico/backend/routes/excelRoutes.js:4:1)
2026-06-17 16:21:24:     at Module._compile (node:internal/modules/cjs/loader:1521:14)
2026-06-17 16:21:24:     at Module._extensions..js (node:internal/modules/cjs/loader:1623:10)
2026-06-17 16:21:24:     at Module.load (node:internal/modules/cjs/loader:1266:32)
2026-06-17 16:21:24:     at Module._load (node:internal/modules/cjs/loader:1091:12)
2026-06-17 16:21:24:     at Module.require (node:internal/modules/cjs/loader:1289:19)
2026-06-17 16:21:24:     at require (node:internal/modules/helpers:182:18)
2026-06-17 16:21:24:     at Object.<anonymous> (/var/www/html/sites/biometrico/backend/index.js:17:21)
2026-06-17 16:21:24:     at Module._compile (node:internal/modules/cjs/loader:1521:14)
2026-06-17 16:21:24:     at Module._extensions..js (node:internal/modules/cjs/loader:1623:10)
2026-06-17 16:21:29: ReferenceError: router is not defined
2026-06-17 16:21:29:     at Object.<anonymous> (/var/www/html/sites/biometrico/backend/routes/excelRoutes.js:4:1)
2026-06-17 16:21:29:     at Module._compile (node:internal/modules/cjs/loader:1521:14)
2026-06-17 16:21:29:     at Module._extensions..js (node:internal/modules/cjs/loader:1623:10)
2026-06-17 16:21:29:     at Module.load (node:internal/modules/cjs/loader:1266:32)
2026-06-17 16:21:29:     at Module._load (node:internal/modules/cjs/loader:1091:12)
2026-06-17 16:21:29:     at Module.require (node:internal/modules/cjs/loader:1289:19)
2026-06-17 16:21:29:     at require (node:internal/modules/helpers:182:18)
2026-06-17 16:21:29:     at Object.<anonymous> (/var/www/html/sites/biometrico/backend/index.js:17:21)
2026-06-17 16:21:29:     at Module._compile (node:internal/modules/cjs/loader:1521:14)
2026-06-17 16:21:29:     at Module._extensions..js (node:internal/modules/cjs/loader:1623:10)
2026-06-17 16:21:34: ReferenceError: router is not defined
2026-06-17 16:21:34:     at Object.<anonymous> (/var/www/html/sites/biometrico/backend/routes/excelRoutes.js:4:1)
2026-06-17 16:21:34:     at Module._compile (node:internal/modules/cjs/loader:1521:14)
2026-06-17 16:21:34:     at Module._extensions..js (node:internal/modules/cjs/loader:1623:10)
2026-06-17 16:21:34:     at Module.load (node:internal/modules/cjs/loader:1266:32)
2026-06-17 16:21:34:     at Module._load (node:internal/modules/cjs/loader:1091:12)
2026-06-17 16:21:34:     at Module.require (node:internal/modules/cjs/loader:1289:19)
2026-06-17 16:21:34:     at require (node:internal/modules/helpers:182:18)
2026-06-17 16:21:34:     at Object.<anonymous> (/var/www/html/sites/biometrico/backend/index.js:17:21)
2026-06-17 16:21:34:     at Module._compile (node:internal/modules/cjs/loader:1521:14)
2026-06-17 16:21:34:     at Module._extensions..js (node:internal/modules/cjs/loader:1623:10)
2026-06-17 16:21:40: ReferenceError: router is not defined
2026-06-17 16:21:40:     at Object.<anonymous> (/var/www/html/sites/biometrico/backend/routes/excelRoutes.js:4:1)
2026-06-17 16:21:40:     at Module._compile (node:internal/modules/cjs/loader:1521:14)
2026-06-17 16:21:40:     at Module._extensions..js (node:internal/modules/cjs/loader:1623:10)
2026-06-17 16:21:40:     at Module.load (node:internal/modules/cjs/loader:1266:32)
2026-06-17 16:21:40:     at Module._load (node:internal/modules/cjs/loader:1091:12)
2026-06-17 16:21:40:     at Module.require (node:internal/modules/cjs/loader:1289:19)
2026-06-17 16:21:40:     at require (node:internal/modules/helpers:182:18)
2026-06-17 16:21:40:     at Object.<anonymous> (/var/www/html/sites/biometrico/backend/index.js:17:21)
2026-06-17 16:21:40:     at Module._compile (node:internal/modules/cjs/loader:1521:14)
2026-06-17 16:21:40:     at Module._extensions..js (node:internal/modules/cjs/loader:1623:10)
2026-06-17 16:21:45: ReferenceError: router is not defined
2026-06-17 16:21:45:     at Object.<anonymous> (/var/www/html/sites/biometrico/backend/routes/excelRoutes.js:4:1)
2026-06-17 16:21:45:     at Module._compile (node:internal/modules/cjs/loader:1521:14)
2026-06-17 16:21:45:     at Module._extensions..js (node:internal/modules/cjs/loader:1623:10)
2026-06-17 16:21:45:     at Module.load (node:internal/modules/cjs/loader:1266:32)
2026-06-17 16:21:45:     at Module._load (node:internal/modules/cjs/loader:1091:12)
2026-06-17 16:21:45:     at Module.require (node:internal/modules/cjs/loader:1289:19)
2026-06-17 16:21:45:     at require (node:internal/modules/helpers:182:18)
2026-06-17 16:21:45:     at Object.<anonymous> (/var/www/html/sites/biometrico/backend/index.js:17:21)
2026-06-17 16:21:45:     at Module._compile (node:internal/modules/cjs/loader:1521:14)
2026-06-17 16:21:45:     at Module._extensions..js (node:internal/modules/cjs/loader:1623:10)
2026-06-17 16:21:50: ReferenceError: router is not defined
2026-06-17 16:21:50:     at Object.<anonymous> (/var/www/html/sites/biometrico/backend/routes/excelRoutes.js:4:1)
2026-06-17 16:21:50:     at Module._compile (node:internal/modules/cjs/loader:1521:14)
2026-06-17 16:21:50:     at Module._extensions..js (node:internal/modules/cjs/loader:1623:10)
2026-06-17 16:21:50:     at Module.load (node:internal/modules/cjs/loader:1266:32)
2026-06-17 16:21:50:     at Module._load (node:internal/modules/cjs/loader:1091:12)
2026-06-17 16:21:50:     at Module.require (node:internal/modules/cjs/loader:1289:19)
2026-06-17 16:21:50:     at require (node:internal/modules/helpers:182:18)
2026-06-17 16:21:50:     at Object.<anonymous> (/var/www/html/sites/biometrico/backend/index.js:17:21)
2026-06-17 16:21:50:     at Module._compile (node:internal/modules/cjs/loader:1521:14)
2026-06-17 16:21:50:     at Module._extensions..js (node:internal/modules/cjs/loader:1623:10)
2026-06-17 16:21:55: ReferenceError: router is not defined
2026-06-17 16:21:55:     at Object.<anonymous> (/var/www/html/sites/biometrico/backend/routes/excelRoutes.js:4:1)
2026-06-17 16:21:55:     at Module._compile (node:internal/modules/cjs/loader:1521:14)
2026-06-17 16:21:55:     at Module._extensions..js (node:internal/modules/cjs/loader:1623:10)
2026-06-17 16:21:55:     at Module.load (node:internal/modules/cjs/loader:1266:32)
2026-06-17 16:21:55:     at Module._load (node:internal/modules/cjs/loader:1091:12)
2026-06-17 16:21:55:     at Module.require (node:internal/modules/cjs/loader:1289:19)
2026-06-17 16:21:55:     at require (node:internal/modules/helpers:182:18)
2026-06-17 16:21:55:     at Object.<anonymous> (/var/www/html/sites/biometrico/backend/index.js:17:21)
2026-06-17 16:21:55:     at Module._compile (node:internal/modules/cjs/loader:1521:14)
2026-06-17 16:21:55:     at Module._extensions..js (node:internal/modules/cjs/loader:1623:10)
2026-06-17 16:22:00: ReferenceError: router is not defined
2026-06-17 16:22:00:     at Object.<anonymous> (/var/www/html/sites/biometrico/backend/routes/excelRoutes.js:4:1)
2026-06-17 16:22:00:     at Module._compile (node:internal/modules/cjs/loader:1521:14)
2026-06-17 16:22:00:     at Module._extensions..js (node:internal/modules/cjs/loader:1623:10)
2026-06-17 16:22:00:     at Module.load (node:internal/modules/cjs/loader:1266:32)
2026-06-17 16:22:00:     at Module._load (node:internal/modules/cjs/loader:1091:12)
2026-06-17 16:22:00:     at Module.require (node:internal/modules/cjs/loader:1289:19)
2026-06-17 16:22:00:     at require (node:internal/modules/helpers:182:18)
2026-06-17 16:22:00:     at Object.<anonymous> (/var/www/html/sites/biometrico/backend/index.js:17:21)
2026-06-17 16:22:00:     at Module._compile (node:internal/modules/cjs/loader:1521:14)
2026-06-17 16:22:00:     at Module._extensions..js (node:internal/modules/cjs/loader:1623:10)
2026-06-17 16:22:06: ReferenceError: router is not defined
2026-06-17 16:22:06:     at Object.<anonymous> (/var/www/html/sites/biometrico/backend/routes/excelRoutes.js:4:1)
2026-06-17 16:22:06:     at Module._compile (node:internal/modules/cjs/loader:1521:14)
2026-06-17 16:22:06:     at Module._extensions..js (node:internal/modules/cjs/loader:1623:10)
2026-06-17 16:22:06:     at Module.load (node:internal/modules/cjs/loader:1266:32)
2026-06-17 16:22:06:     at Module._load (node:internal/modules/cjs/loader:1091:12)
2026-06-17 16:22:06:     at Module.require (node:internal/modules/cjs/loader:1289:19)
2026-06-17 16:22:06:     at require (node:internal/modules/helpers:182:18)
2026-06-17 16:22:06:     at Object.<anonymous> (/var/www/html/sites/biometrico/backend/index.js:17:21)
2026-06-17 16:22:06:     at Module._compile (node:internal/modules/cjs/loader:1521:14)
2026-06-17 16:22:06:     at Module._extensions..js (node:internal/modules/cjs/loader:1623:10)
2026-06-17 16:22:11: ReferenceError: router is not defined
2026-06-17 16:22:11:     at Object.<anonymous> (/var/www/html/sites/biometrico/backend/routes/excelRoutes.js:4:1)
2026-06-17 16:22:11:     at Module._compile (node:internal/modules/cjs/loader:1521:14)
2026-06-17 16:22:11:     at Module._extensions..js (node:internal/modules/cjs/loader:1623:10)
2026-06-17 16:22:11:     at Module.load (node:internal/modules/cjs/loader:1266:32)
2026-06-17 16:22:11:     at Module._load (node:internal/modules/cjs/loader:1091:12)
2026-06-17 16:22:11:     at Module.require (node:internal/modules/cjs/loader:1289:19)
2026-06-17 16:22:11:     at require (node:internal/modules/helpers:182:18)
2026-06-17 16:22:11:     at Object.<anonymous> (/var/www/html/sites/biometrico/backend/index.js:17:21)
2026-06-17 16:22:11:     at Module._compile (node:internal/modules/cjs/loader:1521:14)
2026-06-17 16:22:11:     at Module._extensions..js (node:internal/modules/cjs/loader:1623:10)
2026-06-17 16:22:16: ReferenceError: router is not defined
2026-06-17 16:22:16:     at Object.<anonymous> (/var/www/html/sites/biometrico/backend/routes/excelRoutes.js:4:1)
2026-06-17 16:22:16:     at Module._compile (node:internal/modules/cjs/loader:1521:14)
2026-06-17 16:22:16:     at Module._extensions..js (node:internal/modules/cjs/loader:1623:10)
2026-06-17 16:22:16:     at Module.load (node:internal/modules/cjs/loader:1266:32)
2026-06-17 16:22:16:     at Module._load (node:internal/modules/cjs/loader:1091:12)
2026-06-17 16:22:16:     at Module.require (node:internal/modules/cjs/loader:1289:19)
2026-06-17 16:22:16:     at require (node:internal/modules/helpers:182:18)
2026-06-17 16:22:16:     at Object.<anonymous> (/var/www/html/sites/biometrico/backend/index.js:17:21)
2026-06-17 16:22:16:     at Module._compile (node:internal/modules/cjs/loader:1521:14)
2026-06-17 16:22:16:     at Module._extensions..js (node:internal/modules/cjs/loader:1623:10)
2026-06-17 16:22:21: ReferenceError: router is not defined
2026-06-17 16:22:21:     at Object.<anonymous> (/var/www/html/sites/biometrico/backend/routes/excelRoutes.js:4:1)
2026-06-17 16:22:21:     at Module._compile (node:internal/modules/cjs/loader:1521:14)
2026-06-17 16:22:21:     at Module._extensions..js (node:internal/modules/cjs/loader:1623:10)
2026-06-17 16:22:21:     at Module.load (node:internal/modules/cjs/loader:1266:32)
2026-06-17 16:22:21:     at Module._load (node:internal/modules/cjs/loader:1091:12)
2026-06-17 16:22:21:     at Module.require (node:internal/modules/cjs/loader:1289:19)
2026-06-17 16:22:21:     at require (node:internal/modules/helpers:182:18)
2026-06-17 16:22:21:     at Object.<anonymous> (/var/www/html/sites/biometrico/backend/index.js:17:21)
2026-06-17 16:22:21:     at Module._compile (node:internal/modules/cjs/loader:1521:14)
2026-06-17 16:22:21:     at Module._extensions..js (node:internal/modules/cjs/loader:1623:10)
2026-06-17 16:22:27: ReferenceError: router is not defined
2026-06-17 16:22:27:     at Object.<anonymous> (/var/www/html/sites/biometrico/backend/routes/excelRoutes.js:4:1)
2026-06-17 16:22:27:     at Module._compile (node:internal/modules/cjs/loader:1521:14)
2026-06-17 16:22:27:     at Module._extensions..js (node:internal/modules/cjs/loader:1623:10)
2026-06-17 16:22:27:     at Module.load (node:internal/modules/cjs/loader:1266:32)
2026-06-17 16:22:27:     at Module._load (node:internal/modules/cjs/loader:1091:12)
2026-06-17 16:22:27:     at Module.require (node:internal/modules/cjs/loader:1289:19)
2026-06-17 16:22:27:     at require (node:internal/modules/helpers:182:18)
2026-06-17 16:22:27:     at Object.<anonymous> (/var/www/html/sites/biometrico/backend/index.js:17:21)
2026-06-17 16:22:27:     at Module._compile (node:internal/modules/cjs/loader:1521:14)
2026-06-17 16:22:27:     at Module._extensions..js (node:internal/modules/cjs/loader:1623:10)
2026-06-17 16:22:32: ReferenceError: router is not defined
2026-06-17 16:22:32:     at Object.<anonymous> (/var/www/html/sites/biometrico/backend/routes/excelRoutes.js:4:1)
2026-06-17 16:22:32:     at Module._compile (node:internal/modules/cjs/loader:1521:14)
2026-06-17 16:22:32:     at Module._extensions..js (node:internal/modules/cjs/loader:1623:10)
2026-06-17 16:22:32:     at Module.load (node:internal/modules/cjs/loader:1266:32)
2026-06-17 16:22:32:     at Module._load (node:internal/modules/cjs/loader:1091:12)
2026-06-17 16:22:32:     at Module.require (node:internal/modules/cjs/loader:1289:19)
2026-06-17 16:22:32:     at require (node:internal/modules/helpers:182:18)
2026-06-17 16:22:32:     at Object.<anonymous> (/var/www/html/sites/biometrico/backend/index.js:17:21)
2026-06-17 16:22:32:     at Module._compile (node:internal/modules/cjs/loader:1521:14)
2026-06-17 16:22:32:     at Module._extensions..js (node:internal/modules/cjs/loader:1623:10)
2026-06-17 16:22:37: ReferenceError: router is not defined
2026-06-17 16:22:37:     at Object.<anonymous> (/var/www/html/sites/biometrico/backend/routes/excelRoutes.js:4:1)
2026-06-17 16:22:37:     at Module._compile (node:internal/modules/cjs/loader:1521:14)
2026-06-17 16:22:37:     at Module._extensions..js (node:internal/modules/cjs/loader:1623:10)
2026-06-17 16:22:37:     at Module.load (node:internal/modules/cjs/loader:1266:32)
2026-06-17 16:22:37:     at Module._load (node:internal/modules/cjs/loader:1091:12)
2026-06-17 16:22:37:     at Module.require (node:internal/modules/cjs/loader:1289:19)
2026-06-17 16:22:37:     at require (node:internal/modules/helpers:182:18)
2026-06-17 16:22:37:     at Object.<anonymous> (/var/www/html/sites/biometrico/backend/index.js:17:21)
2026-06-17 16:22:37:     at Module._compile (node:internal/modules/cjs/loader:1521:14)
2026-06-17 16:22:37:     at Module._extensions..js (node:internal/modules/cjs/loader:1623:10)
2026-06-17 16:22:42: ReferenceError: router is not defined
2026-06-17 16:22:42:     at Object.<anonymous> (/var/www/html/sites/biometrico/backend/routes/excelRoutes.js:4:1)
2026-06-17 16:22:42:     at Module._compile (node:internal/modules/cjs/loader:1521:14)
2026-06-17 16:22:42:     at Module._extensions..js (node:internal/modules/cjs/loader:1623:10)
2026-06-17 16:22:42:     at Module.load (node:internal/modules/cjs/loader:1266:32)
2026-06-17 16:22:42:     at Module._load (node:internal/modules/cjs/loader:1091:12)
2026-06-17 16:22:42:     at Module.require (node:internal/modules/cjs/loader:1289:19)
2026-06-17 16:22:42:     at require (node:internal/modules/helpers:182:18)
2026-06-17 16:22:42:     at Object.<anonymous> (/var/www/html/sites/biometrico/backend/index.js:17:21)
2026-06-17 16:22:42:     at Module._compile (node:internal/modules/cjs/loader:1521:14)
2026-06-17 16:22:42:     at Module._extensions..js (node:internal/modules/cjs/loader:1623:10)
2026-06-17 16:22:48: ReferenceError: router is not defined
2026-06-17 16:22:48:     at Object.<anonymous> (/var/www/html/sites/biometrico/backend/routes/excelRoutes.js:4:1)
2026-06-17 16:22:48:     at Module._compile (node:internal/modules/cjs/loader:1521:14)
2026-06-17 16:22:48:     at Module._extensions..js (node:internal/modules/cjs/loader:1623:10)
2026-06-17 16:22:48:     at Module.load (node:internal/modules/cjs/loader:1266:32)
2026-06-17 16:22:48:     at Module._load (node:internal/modules/cjs/loader:1091:12)
2026-06-17 16:22:48:     at Module.require (node:internal/modules/cjs/loader:1289:19)
2026-06-17 16:22:48:     at require (node:internal/modules/helpers:182:18)
2026-06-17 16:22:48:     at Object.<anonymous> (/var/www/html/sites/biometrico/backend/index.js:17:21)
2026-06-17 16:22:48:     at Module._compile (node:internal/modules/cjs/loader:1521:14)
2026-06-17 16:22:48:     at Module._extensions..js (node:internal/modules/cjs/loader:1623:10)
2026-06-17 16:22:53: ReferenceError: router is not defined
2026-06-17 16:22:53:     at Object.<anonymous> (/var/www/html/sites/biometrico/backend/routes/excelRoutes.js:4:1)
2026-06-17 16:22:53:     at Module._compile (node:internal/modules/cjs/loader:1521:14)
2026-06-17 16:22:53:     at Module._extensions..js (node:internal/modules/cjs/loader:1623:10)
2026-06-17 16:22:53:     at Module.load (node:internal/modules/cjs/loader:1266:32)
2026-06-17 16:22:53:     at Module._load (node:internal/modules/cjs/loader:1091:12)
2026-06-17 16:22:53:     at Module.require (node:internal/modules/cjs/loader:1289:19)
2026-06-17 16:22:53:     at require (node:internal/modules/helpers:182:18)
2026-06-17 16:22:53:     at Object.<anonymous> (/var/www/html/sites/biometrico/backend/index.js:17:21)
2026-06-17 16:22:53:     at Module._compile (node:internal/modules/cjs/loader:1521:14)
2026-06-17 16:22:53:     at Module._extensions..js (node:internal/modules/cjs/loader:1623:10)
2026-06-17 16:22:58: ReferenceError: router is not defined
2026-06-17 16:22:58:     at Object.<anonymous> (/var/www/html/sites/biometrico/backend/routes/excelRoutes.js:4:1)
2026-06-17 16:22:58:     at Module._compile (node:internal/modules/cjs/loader:1521:14)
2026-06-17 16:22:58:     at Module._extensions..js (node:internal/modules/cjs/loader:1623:10)
2026-06-17 16:22:58:     at Module.load (node:internal/modules/cjs/loader:1266:32)
2026-06-17 16:22:58:     at Module._load (node:internal/modules/cjs/loader:1091:12)
2026-06-17 16:22:58:     at Module.require (node:internal/modules/cjs/loader:1289:19)
2026-06-17 16:22:58:     at require (node:internal/modules/helpers:182:18)
2026-06-17 16:22:58:     at Object.<anonymous> (/var/www/html/sites/biometrico/backend/index.js:17:21)
2026-06-17 16:22:58:     at Module._compile (node:internal/modules/cjs/loader:1521:14)
2026-06-17 16:22:58:     at Module._extensions..js (node:internal/modules/cjs/loader:1623:10)
2026-06-17 16:23:03: ReferenceError: router is not defined
2026-06-17 16:23:03:     at Object.<anonymous> (/var/www/html/sites/biometrico/backend/routes/excelRoutes.js:4:1)
2026-06-17 16:23:03:     at Module._compile (node:internal/modules/cjs/loader:1521:14)
2026-06-17 16:23:03:     at Module._extensions..js (node:internal/modules/cjs/loader:1623:10)
2026-06-17 16:23:03:     at Module.load (node:internal/modules/cjs/loader:1266:32)
2026-06-17 16:23:03:     at Module._load (node:internal/modules/cjs/loader:1091:12)
2026-06-17 16:23:03:     at Module.require (node:internal/modules/cjs/loader:1289:19)
2026-06-17 16:23:03:     at require (node:internal/modules/helpers:182:18)
2026-06-17 16:23:03:     at Object.<anonymous> (/var/www/html/sites/biometrico/backend/index.js:17:21)
2026-06-17 16:23:03:     at Module._compile (node:internal/modules/cjs/loader:1521:14)
2026-06-17 16:23:03:     at Module._extensions..js (node:internal/modules/cjs/loader:1623:10)
2026-06-17 16:23:08: ReferenceError: router is not defined
2026-06-17 16:23:08:     at Object.<anonymous> (/var/www/html/sites/biometrico/backend/routes/excelRoutes.js:4:1)
2026-06-17 16:23:08:     at Module._compile (node:internal/modules/cjs/loader:1521:14)
2026-06-17 16:23:08:     at Module._extensions..js (node:internal/modules/cjs/loader:1623:10)
2026-06-17 16:23:08:     at Module.load (node:internal/modules/cjs/loader:1266:32)
2026-06-17 16:23:08:     at Module._load (node:internal/modules/cjs/loader:1091:12)
2026-06-17 16:23:08:     at Module.require (node:internal/modules/cjs/loader:1289:19)
2026-06-17 16:23:08:     at require (node:internal/modules/helpers:182:18)
2026-06-17 16:23:08:     at Object.<anonymous> (/var/www/html/sites/biometrico/backend/index.js:17:21)
2026-06-17 16:23:08:     at Module._compile (node:internal/modules/cjs/loader:1521:14)
2026-06-17 16:23:08:     at Module._extensions..js (node:internal/modules/cjs/loader:1623:10)
2026-06-17 16:23:14: ReferenceError: router is not defined
2026-06-17 16:23:14:     at Object.<anonymous> (/var/www/html/sites/biometrico/backend/routes/excelRoutes.js:4:1)
2026-06-17 16:23:14:     at Module._compile (node:internal/modules/cjs/loader:1521:14)
2026-06-17 16:23:14:     at Module._extensions..js (node:internal/modules/cjs/loader:1623:10)
2026-06-17 16:23:14:     at Module.load (node:internal/modules/cjs/loader:1266:32)
2026-06-17 16:23:14:     at Module._load (node:internal/modules/cjs/loader:1091:12)
2026-06-17 16:23:14:     at Module.require (node:internal/modules/cjs/loader:1289:19)
2026-06-17 16:23:14:     at require (node:internal/modules/helpers:182:18)
2026-06-17 16:23:14:     at Object.<anonymous> (/var/www/html/sites/biometrico/backend/index.js:17:21)
2026-06-17 16:23:14:     at Module._compile (node:internal/modules/cjs/loader:1521:14)
2026-06-17 16:23:14:     at Module._extensions..js (node:internal/modules/cjs/loader:1623:10)
2026-06-17 16:23:19: ReferenceError: router is not defined
2026-06-17 16:23:19:     at Object.<anonymous> (/var/www/html/sites/biometrico/backend/routes/excelRoutes.js:4:1)
2026-06-17 16:23:19:     at Module._compile (node:internal/modules/cjs/loader:1521:14)
2026-06-17 16:23:19:     at Module._extensions..js (node:internal/modules/cjs/loader:1623:10)
2026-06-17 16:23:19:     at Module.load (node:internal/modules/cjs/loader:1266:32)
2026-06-17 16:23:19:     at Module._load (node:internal/modules/cjs/loader:1091:12)
2026-06-17 16:23:19:     at Module.require (node:internal/modules/cjs/loader:1289:19)
2026-06-17 16:23:19:     at require (node:internal/modules/helpers:182:18)
2026-06-17 16:23:19:     at Object.<anonymous> (/var/www/html/sites/biometrico/backend/index.js:17:21)
2026-06-17 16:23:19:     at Module._compile (node:internal/modules/cjs/loader:1521:14)
2026-06-17 16:23:19:     at Module._extensions..js (node:internal/modules/cjs/loader:1623:10)
2026-06-17 16:23:24: ReferenceError: router is not defined
2026-06-17 16:23:24:     at Object.<anonymous> (/var/www/html/sites/biometrico/backend/routes/excelRoutes.js:4:1)
2026-06-17 16:23:24:     at Module._compile (node:internal/modules/cjs/loader:1521:14)
2026-06-17 16:23:24:     at Module._extensions..js (node:internal/modules/cjs/loader:1623:10)
2026-06-17 16:23:24:     at Module.load (node:internal/modules/cjs/loader:1266:32)
2026-06-17 16:23:24:     at Module._load (node:internal/modules/cjs/loader:1091:12)
2026-06-17 16:23:24:     at Module.require (node:internal/modules/cjs/loader:1289:19)
2026-06-17 16:23:24:     at require (node:internal/modules/helpers:182:18)
2026-06-17 16:23:24:     at Object.<anonymous> (/var/www/html/sites/biometrico/backend/index.js:17:21)
2026-06-17 16:23:24:     at Module._compile (node:internal/modules/cjs/loader:1521:14)
2026-06-17 16:23:24:     at Module._extensions..js (node:internal/modules/cjs/loader:1623:10)
2026-06-17 16:23:29: ReferenceError: router is not defined
2026-06-17 16:23:29:     at Object.<anonymous> (/var/www/html/sites/biometrico/backend/routes/excelRoutes.js:4:1)
2026-06-17 16:23:29:     at Module._compile (node:internal/modules/cjs/loader:1521:14)
2026-06-17 16:23:29:     at Module._extensions..js (node:internal/modules/cjs/loader:1623:10)
2026-06-17 16:23:29:     at Module.load (node:internal/modules/cjs/loader:1266:32)
2026-06-17 16:23:29:     at Module._load (node:internal/modules/cjs/loader:1091:12)
2026-06-17 16:23:29:     at Module.require (node:internal/modules/cjs/loader:1289:19)
2026-06-17 16:23:29:     at require (node:internal/modules/helpers:182:18)
2026-06-17 16:23:29:     at Object.<anonymous> (/var/www/html/sites/biometrico/backend/index.js:17:21)
2026-06-17 16:23:29:     at Module._compile (node:internal/modules/cjs/loader:1521:14)
2026-06-17 16:23:29:     at Module._extensions..js (node:internal/modules/cjs/loader:1623:10)
2026-06-17 16:23:35: ReferenceError: router is not defined
2026-06-17 16:23:35:     at Object.<anonymous> (/var/www/html/sites/biometrico/backend/routes/excelRoutes.js:4:1)
2026-06-17 16:23:35:     at Module._compile (node:internal/modules/cjs/loader:1521:14)
2026-06-17 16:23:35:     at Module._extensions..js (node:internal/modules/cjs/loader:1623:10)
2026-06-17 16:23:35:     at Module.load (node:internal/modules/cjs/loader:1266:32)
2026-06-17 16:23:35:     at Module._load (node:internal/modules/cjs/loader:1091:12)
2026-06-17 16:23:35:     at Module.require (node:internal/modules/cjs/loader:1289:19)
2026-06-17 16:23:35:     at require (node:internal/modules/helpers:182:18)
2026-06-17 16:23:35:     at Object.<anonymous> (/var/www/html/sites/biometrico/backend/index.js:17:21)
2026-06-17 16:23:35:     at Module._compile (node:internal/modules/cjs/loader:1521:14)
2026-06-17 16:23:35:     at Module._extensions..js (node:internal/modules/cjs/loader:1623:10)
2026-06-17 16:23:40: ReferenceError: router is not defined
2026-06-17 16:23:40:     at Object.<anonymous> (/var/www/html/sites/biometrico/backend/routes/excelRoutes.js:4:1)
2026-06-17 16:23:40:     at Module._compile (node:internal/modules/cjs/loader:1521:14)
2026-06-17 16:23:40:     at Module._extensions..js (node:internal/modules/cjs/loader:1623:10)
2026-06-17 16:23:40:     at Module.load (node:internal/modules/cjs/loader:1266:32)
2026-06-17 16:23:40:     at Module._load (node:internal/modules/cjs/loader:1091:12)
2026-06-17 16:23:40:     at Module.require (node:internal/modules/cjs/loader:1289:19)
2026-06-17 16:23:40:     at require (node:internal/modules/helpers:182:18)
2026-06-17 16:23:40:     at Object.<anonymous> (/var/www/html/sites/biometrico/backend/index.js:17:21)
2026-06-17 16:23:40:     at Module._compile (node:internal/modules/cjs/loader:1521:14)
2026-06-17 16:23:40:     at Module._extensions..js (node:internal/modules/cjs/loader:1623:10)
2026-06-17 16:23:45: ReferenceError: router is not defined
2026-06-17 16:23:45:     at Object.<anonymous> (/var/www/html/sites/biometrico/backend/routes/excelRoutes.js:4:1)
2026-06-17 16:23:45:     at Module._compile (node:internal/modules/cjs/loader:1521:14)
2026-06-17 16:23:45:     at Module._extensions..js (node:internal/modules/cjs/loader:1623:10)
2026-06-17 16:23:45:     at Module.load (node:internal/modules/cjs/loader:1266:32)
2026-06-17 16:23:45:     at Module._load (node:internal/modules/cjs/loader:1091:12)
2026-06-17 16:23:45:     at Module.require (node:internal/modules/cjs/loader:1289:19)
2026-06-17 16:23:45:     at require (node:internal/modules/helpers:182:18)
2026-06-17 16:23:45:     at Object.<anonymous> (/var/www/html/sites/biometrico/backend/index.js:17:21)
2026-06-17 16:23:45:     at Module._compile (node:internal/modules/cjs/loader:1521:14)
2026-06-17 16:23:45:     at Module._extensions..js (node:internal/modules/cjs/loader:1623:10)
2026-06-17 16:23:50: ReferenceError: router is not defined
2026-06-17 16:23:50:     at Object.<anonymous> (/var/www/html/sites/biometrico/backend/routes/excelRoutes.js:4:1)
2026-06-17 16:23:50:     at Module._compile (node:internal/modules/cjs/loader:1521:14)
2026-06-17 16:23:50:     at Module._extensions..js (node:internal/modules/cjs/loader:1623:10)
2026-06-17 16:23:50:     at Module.load (node:internal/modules/cjs/loader:1266:32)
2026-06-17 16:23:50:     at Module._load (node:internal/modules/cjs/loader:1091:12)
2026-06-17 16:23:50:     at Module.require (node:internal/modules/cjs/loader:1289:19)
2026-06-17 16:23:50:     at require (node:internal/modules/helpers:182:18)
2026-06-17 16:23:50:     at Object.<anonymous> (/var/www/html/sites/biometrico/backend/index.js:17:21)
2026-06-17 16:23:50:     at Module._compile (node:internal/modules/cjs/loader:1521:14)
2026-06-17 16:23:50:     at Module._extensions..js (node:internal/modules/cjs/loader:1623:10)
2026-06-17 16:23:56: ReferenceError: router is not defined
2026-06-17 16:23:56:     at Object.<anonymous> (/var/www/html/sites/biometrico/backend/routes/excelRoutes.js:4:1)
2026-06-17 16:23:56:     at Module._compile (node:internal/modules/cjs/loader:1521:14)
2026-06-17 16:23:56:     at Module._extensions..js (node:internal/modules/cjs/loader:1623:10)
2026-06-17 16:23:56:     at Module.load (node:internal/modules/cjs/loader:1266:32)
2026-06-17 16:23:56:     at Module._load (node:internal/modules/cjs/loader:1091:12)
2026-06-17 16:23:56:     at Module.require (node:internal/modules/cjs/loader:1289:19)
2026-06-17 16:23:56:     at require (node:internal/modules/helpers:182:18)
2026-06-17 16:23:56:     at Object.<anonymous> (/var/www/html/sites/biometrico/backend/index.js:17:21)
2026-06-17 16:23:56:     at Module._compile (node:internal/modules/cjs/loader:1521:14)
2026-06-17 16:23:56:     at Module._extensions..js (node:internal/modules/cjs/loader:1623:10)
2026-06-17 16:24:01: ReferenceError: router is not defined
2026-06-17 16:24:01:     at Object.<anonymous> (/var/www/html/sites/biometrico/backend/routes/excelRoutes.js:4:1)
2026-06-17 16:24:01:     at Module._compile (node:internal/modules/cjs/loader:1521:14)
2026-06-17 16:24:01:     at Module._extensions..js (node:internal/modules/cjs/loader:1623:10)
2026-06-17 16:24:01:     at Module.load (node:internal/modules/cjs/loader:1266:32)
2026-06-17 16:24:01:     at Module._load (node:internal/modules/cjs/loader:1091:12)
2026-06-17 16:24:01:     at Module.require (node:internal/modules/cjs/loader:1289:19)
2026-06-17 16:24:01:     at require (node:internal/modules/helpers:182:18)
2026-06-17 16:24:01:     at Object.<anonymous> (/var/www/html/sites/biometrico/backend/index.js:17:21)
2026-06-17 16:24:01:     at Module._compile (node:internal/modules/cjs/loader:1521:14)
2026-06-17 16:24:01:     at Module._extensions..js (node:internal/modules/cjs/loader:1623:10)
2026-06-17 16:24:06: ReferenceError: router is not defined
2026-06-17 16:24:06:     at Object.<anonymous> (/var/www/html/sites/biometrico/backend/routes/excelRoutes.js:4:1)
2026-06-17 16:24:06:     at Module._compile (node:internal/modules/cjs/loader:1521:14)
2026-06-17 16:24:06:     at Module._extensions..js (node:internal/modules/cjs/loader:1623:10)
2026-06-17 16:24:06:     at Module.load (node:internal/modules/cjs/loader:1266:32)
2026-06-17 16:24:06:     at Module._load (node:internal/modules/cjs/loader:1091:12)
2026-06-17 16:24:06:     at Module.require (node:internal/modules/cjs/loader:1289:19)
2026-06-17 16:24:06:     at require (node:internal/modules/helpers:182:18)
2026-06-17 16:24:06:     at Object.<anonymous> (/var/www/html/sites/biometrico/backend/index.js:17:21)
2026-06-17 16:24:06:     at Module._compile (node:internal/modules/cjs/loader:1521:14)
2026-06-17 16:24:06:     at Module._extensions..js (node:internal/modules/cjs/loader:1623:10)
2026-06-17 16:24:11: ReferenceError: router is not defined
2026-06-17 16:24:11:     at Object.<anonymous> (/var/www/html/sites/biometrico/backend/routes/excelRoutes.js:4:1)
2026-06-17 16:24:11:     at Module._compile (node:internal/modules/cjs/loader:1521:14)
2026-06-17 16:24:11:     at Module._extensions..js (node:internal/modules/cjs/loader:1623:10)
2026-06-17 16:24:11:     at Module.load (node:internal/modules/cjs/loader:1266:32)
2026-06-17 16:24:11:     at Module._load (node:internal/modules/cjs/loader:1091:12)
2026-06-17 16:24:11:     at Module.require (node:internal/modules/cjs/loader:1289:19)
2026-06-17 16:24:11:     at require (node:internal/modules/helpers:182:18)
2026-06-17 16:24:11:     at Object.<anonymous> (/var/www/html/sites/biometrico/backend/index.js:17:21)
2026-06-17 16:24:11:     at Module._compile (node:internal/modules/cjs/loader:1521:14)
2026-06-17 16:24:11:     at Module._extensions..js (node:internal/modules/cjs/loader:1623:10)
2026-06-17 16:24:16: ReferenceError: router is not defined
2026-06-17 16:24:16:     at Object.<anonymous> (/var/www/html/sites/biometrico/backend/routes/excelRoutes.js:4:1)
2026-06-17 16:24:16:     at Module._compile (node:internal/modules/cjs/loader:1521:14)
2026-06-17 16:24:16:     at Module._extensions..js (node:internal/modules/cjs/loader:1623:10)
2026-06-17 16:24:16:     at Module.load (node:internal/modules/cjs/loader:1266:32)
2026-06-17 16:24:16:     at Module._load (node:internal/modules/cjs/loader:1091:12)
2026-06-17 16:24:16:     at Module.require (node:internal/modules/cjs/loader:1289:19)
2026-06-17 16:24:16:     at require (node:internal/modules/helpers:182:18)
2026-06-17 16:24:16:     at Object.<anonymous> (/var/www/html/sites/biometrico/backend/index.js:17:21)
2026-06-17 16:24:16:     at Module._compile (node:internal/modules/cjs/loader:1521:14)
2026-06-17 16:24:16:     at Module._extensions..js (node:internal/modules/cjs/loader:1623:10)
2026-06-17 16:24:22: ReferenceError: router is not defined
2026-06-17 16:24:22:     at Object.<anonymous> (/var/www/html/sites/biometrico/backend/routes/excelRoutes.js:4:1)
2026-06-17 16:24:22:     at Module._compile (node:internal/modules/cjs/loader:1521:14)
2026-06-17 16:24:22:     at Module._extensions..js (node:internal/modules/cjs/loader:1623:10)
2026-06-17 16:24:22:     at Module.load (node:internal/modules/cjs/loader:1266:32)
2026-06-17 16:24:22:     at Module._load (node:internal/modules/cjs/loader:1091:12)
2026-06-17 16:24:22:     at Module.require (node:internal/modules/cjs/loader:1289:19)
2026-06-17 16:24:22:     at require (node:internal/modules/helpers:182:18)
2026-06-17 16:24:22:     at Object.<anonymous> (/var/www/html/sites/biometrico/backend/index.js:17:21)
2026-06-17 16:24:22:     at Module._compile (node:internal/modules/cjs/loader:1521:14)
2026-06-17 16:24:22:     at Module._extensions..js (node:internal/modules/cjs/loader:1623:10)
2026-06-17 16:24:27: ReferenceError: router is not defined
2026-06-17 16:24:27:     at Object.<anonymous> (/var/www/html/sites/biometrico/backend/routes/excelRoutes.js:4:1)
2026-06-17 16:24:27:     at Module._compile (node:internal/modules/cjs/loader:1521:14)
2026-06-17 16:24:27:     at Module._extensions..js (node:internal/modules/cjs/loader:1623:10)
2026-06-17 16:24:27:     at Module.load (node:internal/modules/cjs/loader:1266:32)
2026-06-17 16:24:27:     at Module._load (node:internal/modules/cjs/loader:1091:12)
2026-06-17 16:24:27:     at Module.require (node:internal/modules/cjs/loader:1289:19)
2026-06-17 16:24:27:     at require (node:internal/modules/helpers:182:18)
2026-06-17 16:24:27:     at Object.<anonymous> (/var/www/html/sites/biometrico/backend/index.js:17:21)
2026-06-17 16:24:27:     at Module._compile (node:internal/modules/cjs/loader:1521:14)
2026-06-17 16:24:27:     at Module._extensions..js (node:internal/modules/cjs/loader:1623:10)
2026-06-17 16:24:32: ReferenceError: router is not defined
2026-06-17 16:24:32:     at Object.<anonymous> (/var/www/html/sites/biometrico/backend/routes/excelRoutes.js:4:1)
2026-06-17 16:24:32:     at Module._compile (node:internal/modules/cjs/loader:1521:14)
2026-06-17 16:24:32:     at Module._extensions..js (node:internal/modules/cjs/loader:1623:10)
2026-06-17 16:24:32:     at Module.load (node:internal/modules/cjs/loader:1266:32)
2026-06-17 16:24:32:     at Module._load (node:internal/modules/cjs/loader:1091:12)
2026-06-17 16:24:32:     at Module.require (node:internal/modules/cjs/loader:1289:19)
2026-06-17 16:24:32:     at require (node:internal/modules/helpers:182:18)
2026-06-17 16:24:32:     at Object.<anonymous> (/var/www/html/sites/biometrico/backend/index.js:17:21)
2026-06-17 16:24:32:     at Module._compile (node:internal/modules/cjs/loader:1521:14)
2026-06-17 16:24:32:     at Module._extensions..js (node:internal/modules/cjs/loader:1623:10)
2026-06-17 16:24:37: ReferenceError: router is not defined
2026-06-17 16:24:37:     at Object.<anonymous> (/var/www/html/sites/biometrico/backend/routes/excelRoutes.js:4:1)
2026-06-17 16:24:37:     at Module._compile (node:internal/modules/cjs/loader:1521:14)
2026-06-17 16:24:37:     at Module._extensions..js (node:internal/modules/cjs/loader:1623:10)
2026-06-17 16:24:37:     at Module.load (node:internal/modules/cjs/loader:1266:32)
2026-06-17 16:24:37:     at Module._load (node:internal/modules/cjs/loader:1091:12)
2026-06-17 16:24:37:     at Module.require (node:internal/modules/cjs/loader:1289:19)
2026-06-17 16:24:37:     at require (node:internal/modules/helpers:182:18)
2026-06-17 16:24:37:     at Object.<anonymous> (/var/www/html/sites/biometrico/backend/index.js:17:21)
2026-06-17 16:24:37:     at Module._compile (node:internal/modules/cjs/loader:1521:14)
2026-06-17 16:24:37:     at Module._extensions..js (node:internal/modules/cjs/loader:1623:10)
2026-06-17 16:24:43: ReferenceError: router is not defined
2026-06-17 16:24:43:     at Object.<anonymous> (/var/www/html/sites/biometrico/backend/routes/excelRoutes.js:4:1)
2026-06-17 16:24:43:     at Module._compile (node:internal/modules/cjs/loader:1521:14)
2026-06-17 16:24:43:     at Module._extensions..js (node:internal/modules/cjs/loader:1623:10)
2026-06-17 16:24:43:     at Module.load (node:internal/modules/cjs/loader:1266:32)
2026-06-17 16:24:43:     at Module._load (node:internal/modules/cjs/loader:1091:12)
2026-06-17 16:24:43:     at Module.require (node:internal/modules/cjs/loader:1289:19)
2026-06-17 16:24:43:     at require (node:internal/modules/helpers:182:18)
2026-06-17 16:24:43:     at Object.<anonymous> (/var/www/html/sites/biometrico/backend/index.js:17:21)
2026-06-17 16:24:43:     at Module._compile (node:internal/modules/cjs/loader:1521:14)
2026-06-17 16:24:43:     at Module._extensions..js (node:internal/modules/cjs/loader:1623:10)
2026-06-17 16:24:48: ReferenceError: router is not defined
2026-06-17 16:24:48:     at Object.<anonymous> (/var/www/html/sites/biometrico/backend/routes/excelRoutes.js:4:1)
2026-06-17 16:24:48:     at Module._compile (node:internal/modules/cjs/loader:1521:14)
2026-06-17 16:24:48:     at Module._extensions..js (node:internal/modules/cjs/loader:1623:10)
2026-06-17 16:24:48:     at Module.load (node:internal/modules/cjs/loader:1266:32)
2026-06-17 16:24:48:     at Module._load (node:internal/modules/cjs/loader:1091:12)
2026-06-17 16:24:48:     at Module.require (node:internal/modules/cjs/loader:1289:19)
2026-06-17 16:24:48:     at require (node:internal/modules/helpers:182:18)
2026-06-17 16:24:48:     at Object.<anonymous> (/var/www/html/sites/biometrico/backend/index.js:17:21)
2026-06-17 16:24:48:     at Module._compile (node:internal/modules/cjs/loader:1521:14)
2026-06-17 16:24:48:     at Module._extensions..js (node:internal/modules/cjs/loader:1623:10)
2026-06-17 16:24:53: ReferenceError: router is not defined
2026-06-17 16:24:53:     at Object.<anonymous> (/var/www/html/sites/biometrico/backend/routes/excelRoutes.js:4:1)
2026-06-17 16:24:53:     at Module._compile (node:internal/modules/cjs/loader:1521:14)
2026-06-17 16:24:53:     at Module._extensions..js (node:internal/modules/cjs/loader:1623:10)
2026-06-17 16:24:53:     at Module.load (node:internal/modules/cjs/loader:1266:32)
2026-06-17 16:24:53:     at Module._load (node:internal/modules/cjs/loader:1091:12)
2026-06-17 16:24:53:     at Module.require (node:internal/modules/cjs/loader:1289:19)
2026-06-17 16:24:53:     at require (node:internal/modules/helpers:182:18)
2026-06-17 16:24:53:     at Object.<anonymous> (/var/www/html/sites/biometrico/backend/index.js:17:21)
2026-06-17 16:24:53:     at Module._compile (node:internal/modules/cjs/loader:1521:14)
2026-06-17 16:24:53:     at Module._extensions..js (node:internal/modules/cjs/loader:1623:10)
2026-06-17 16:24:58: ReferenceError: router is not defined
2026-06-17 16:24:58:     at Object.<anonymous> (/var/www/html/sites/biometrico/backend/routes/excelRoutes.js:4:1)
2026-06-17 16:24:58:     at Module._compile (node:internal/modules/cjs/loader:1521:14)
2026-06-17 16:24:58:     at Module._extensions..js (node:internal/modules/cjs/loader:1623:10)
2026-06-17 16:24:58:     at Module.load (node:internal/modules/cjs/loader:1266:32)
2026-06-17 16:24:58:     at Module._load (node:internal/modules/cjs/loader:1091:12)
2026-06-17 16:24:58:     at Module.require (node:internal/modules/cjs/loader:1289:19)
2026-06-17 16:24:58:     at require (node:internal/modules/helpers:182:18)
2026-06-17 16:24:58:     at Object.<anonymous> (/var/www/html/sites/biometrico/backend/index.js:17:21)
2026-06-17 16:24:58:     at Module._compile (node:internal/modules/cjs/loader:1521:14)
2026-06-17 16:24:58:     at Module._extensions..js (node:internal/modules/cjs/loader:1623:10)
2026-06-17 16:25:04: ReferenceError: router is not defined
2026-06-17 16:25:04:     at Object.<anonymous> (/var/www/html/sites/biometrico/backend/routes/excelRoutes.js:4:1)
2026-06-17 16:25:04:     at Module._compile (node:internal/modules/cjs/loader:1521:14)
2026-06-17 16:25:04:     at Module._extensions..js (node:internal/modules/cjs/loader:1623:10)
2026-06-17 16:25:04:     at Module.load (node:internal/modules/cjs/loader:1266:32)
2026-06-17 16:25:04:     at Module._load (node:internal/modules/cjs/loader:1091:12)
2026-06-17 16:25:04:     at Module.require (node:internal/modules/cjs/loader:1289:19)
2026-06-17 16:25:04:     at require (node:internal/modules/helpers:182:18)
2026-06-17 16:25:04:     at Object.<anonymous> (/var/www/html/sites/biometrico/backend/index.js:17:21)
2026-06-17 16:25:04:     at Module._compile (node:internal/modules/cjs/loader:1521:14)
2026-06-17 16:25:04:     at Module._extensions..js (node:internal/modules/cjs/loader:1623:10)
2026-06-17 16:25:09: ReferenceError: router is not defined
2026-06-17 16:25:09:     at Object.<anonymous> (/var/www/html/sites/biometrico/backend/routes/excelRoutes.js:4:1)
2026-06-17 16:25:09:     at Module._compile (node:internal/modules/cjs/loader:1521:14)
2026-06-17 16:25:09:     at Module._extensions..js (node:internal/modules/cjs/loader:1623:10)
2026-06-17 16:25:09:     at Module.load (node:internal/modules/cjs/loader:1266:32)
2026-06-17 16:25:09:     at Module._load (node:internal/modules/cjs/loader:1091:12)
2026-06-17 16:25:09:     at Module.require (node:internal/modules/cjs/loader:1289:19)
2026-06-17 16:25:09:     at require (node:internal/modules/helpers:182:18)
2026-06-17 16:25:09:     at Object.<anonymous> (/var/www/html/sites/biometrico/backend/index.js:17:21)
2026-06-17 16:25:09:     at Module._compile (node:internal/modules/cjs/loader:1521:14)
2026-06-17 16:25:09:     at Module._extensions..js (node:internal/modules/cjs/loader:1623:10)
2026-06-17 16:25:14: ReferenceError: router is not defined
2026-06-17 16:25:14:     at Object.<anonymous> (/var/www/html/sites/biometrico/backend/routes/excelRoutes.js:4:1)
2026-06-17 16:25:14:     at Module._compile (node:internal/modules/cjs/loader:1521:14)
2026-06-17 16:25:14:     at Module._extensions..js (node:internal/modules/cjs/loader:1623:10)
2026-06-17 16:25:14:     at Module.load (node:internal/modules/cjs/loader:1266:32)
2026-06-17 16:25:14:     at Module._load (node:internal/modules/cjs/loader:1091:12)
2026-06-17 16:25:14:     at Module.require (node:internal/modules/cjs/loader:1289:19)
2026-06-17 16:25:14:     at require (node:internal/modules/helpers:182:18)
2026-06-17 16:25:14:     at Object.<anonymous> (/var/www/html/sites/biometrico/backend/index.js:17:21)
2026-06-17 16:25:14:     at Module._compile (node:internal/modules/cjs/loader:1521:14)
2026-06-17 16:25:14:     at Module._extensions..js (node:internal/modules/cjs/loader:1623:10)
2026-06-17 16:25:19: ReferenceError: router is not defined
2026-06-17 16:25:19:     at Object.<anonymous> (/var/www/html/sites/biometrico/backend/routes/excelRoutes.js:4:1)
2026-06-17 16:25:19:     at Module._compile (node:internal/modules/cjs/loader:1521:14)
2026-06-17 16:25:19:     at Module._extensions..js (node:internal/modules/cjs/loader:1623:10)
2026-06-17 16:25:19:     at Module.load (node:internal/modules/cjs/loader:1266:32)
2026-06-17 16:25:19:     at Module._load (node:internal/modules/cjs/loader:1091:12)
2026-06-17 16:25:19:     at Module.require (node:internal/modules/cjs/loader:1289:19)
2026-06-17 16:25:19:     at require (node:internal/modules/helpers:182:18)
2026-06-17 16:25:19:     at Object.<anonymous> (/var/www/html/sites/biometrico/backend/index.js:17:21)
2026-06-17 16:25:19:     at Module._compile (node:internal/modules/cjs/loader:1521:14)
2026-06-17 16:25:19:     at Module._extensions..js (node:internal/modules/cjs/loader:1623:10)
2026-06-17 16:25:25: ReferenceError: router is not defined
2026-06-17 16:25:25:     at Object.<anonymous> (/var/www/html/sites/biometrico/backend/routes/excelRoutes.js:4:1)
2026-06-17 16:25:25:     at Module._compile (node:internal/modules/cjs/loader:1521:14)
2026-06-17 16:25:25:     at Module._extensions..js (node:internal/modules/cjs/loader:1623:10)
2026-06-17 16:25:25:     at Module.load (node:internal/modules/cjs/loader:1266:32)
2026-06-17 16:25:25:     at Module._load (node:internal/modules/cjs/loader:1091:12)
2026-06-17 16:25:25:     at Module.require (node:internal/modules/cjs/loader:1289:19)
2026-06-17 16:25:25:     at require (node:internal/modules/helpers:182:18)
2026-06-17 16:25:25:     at Object.<anonymous> (/var/www/html/sites/biometrico/backend/index.js:17:21)
2026-06-17 16:25:25:     at Module._compile (node:internal/modules/cjs/loader:1521:14)
2026-06-17 16:25:25:     at Module._extensions..js (node:internal/modules/cjs/loader:1623:10)
2026-06-17 16:25:30: ReferenceError: router is not defined
2026-06-17 16:25:30:     at Object.<anonymous> (/var/www/html/sites/biometrico/backend/routes/excelRoutes.js:4:1)
2026-06-17 16:25:30:     at Module._compile (node:internal/modules/cjs/loader:1521:14)
2026-06-17 16:25:30:     at Module._extensions..js (node:internal/modules/cjs/loader:1623:10)
2026-06-17 16:25:30:     at Module.load (node:internal/modules/cjs/loader:1266:32)
2026-06-17 16:25:30:     at Module._load (node:internal/modules/cjs/loader:1091:12)
2026-06-17 16:25:30:     at Module.require (node:internal/modules/cjs/loader:1289:19)
2026-06-17 16:25:30:     at require (node:internal/modules/helpers:182:18)
2026-06-17 16:25:30:     at Object.<anonymous> (/var/www/html/sites/biometrico/backend/index.js:17:21)
2026-06-17 16:25:30:     at Module._compile (node:internal/modules/cjs/loader:1521:14)
2026-06-17 16:25:30:     at Module._extensions..js (node:internal/modules/cjs/loader:1623:10)
2026-06-17 16:25:35: ReferenceError: router is not defined
2026-06-17 16:25:35:     at Object.<anonymous> (/var/www/html/sites/biometrico/backend/routes/excelRoutes.js:4:1)
2026-06-17 16:25:35:     at Module._compile (node:internal/modules/cjs/loader:1521:14)
2026-06-17 16:25:35:     at Module._extensions..js (node:internal/modules/cjs/loader:1623:10)
2026-06-17 16:25:35:     at Module.load (node:internal/modules/cjs/loader:1266:32)
2026-06-17 16:25:35:     at Module._load (node:internal/modules/cjs/loader:1091:12)
2026-06-17 16:25:35:     at Module.require (node:internal/modules/cjs/loader:1289:19)
2026-06-17 16:25:35:     at require (node:internal/modules/helpers:182:18)
2026-06-17 16:25:35:     at Object.<anonymous> (/var/www/html/sites/biometrico/backend/index.js:17:21)
2026-06-17 16:25:35:     at Module._compile (node:internal/modules/cjs/loader:1521:14)
2026-06-17 16:25:35:     at Module._extensions..js (node:internal/modules/cjs/loader:1623:10)
2026-06-17 16:25:40: ReferenceError: router is not defined
2026-06-17 16:25:40:     at Object.<anonymous> (/var/www/html/sites/biometrico/backend/routes/excelRoutes.js:4:1)
2026-06-17 16:25:40:     at Module._compile (node:internal/modules/cjs/loader:1521:14)
2026-06-17 16:25:40:     at Module._extensions..js (node:internal/modules/cjs/loader:1623:10)
2026-06-17 16:25:40:     at Module.load (node:internal/modules/cjs/loader:1266:32)
2026-06-17 16:25:40:     at Module._load (node:internal/modules/cjs/loader:1091:12)
2026-06-17 16:25:40:     at Module.require (node:internal/modules/cjs/loader:1289:19)
2026-06-17 16:25:40:     at require (node:internal/modules/helpers:182:18)
2026-06-17 16:25:40:     at Object.<anonymous> (/var/www/html/sites/biometrico/backend/index.js:17:21)
2026-06-17 16:25:40:     at Module._compile (node:internal/modules/cjs/loader:1521:14)
2026-06-17 16:25:40:     at Module._extensions..js (node:internal/modules/cjs/loader:1623:10)
2026-06-17 16:25:46: ReferenceError: router is not defined
2026-06-17 16:25:46:     at Object.<anonymous> (/var/www/html/sites/biometrico/backend/routes/excelRoutes.js:4:1)
2026-06-17 16:25:46:     at Module._compile (node:internal/modules/cjs/loader:1521:14)
2026-06-17 16:25:46:     at Module._extensions..js (node:internal/modules/cjs/loader:1623:10)
2026-06-17 16:25:46:     at Module.load (node:internal/modules/cjs/loader:1266:32)
2026-06-17 16:25:46:     at Module._load (node:internal/modules/cjs/loader:1091:12)
2026-06-17 16:25:46:     at Module.require (node:internal/modules/cjs/loader:1289:19)
2026-06-17 16:25:46:     at require (node:internal/modules/helpers:182:18)
2026-06-17 16:25:46:     at Object.<anonymous> (/var/www/html/sites/biometrico/backend/index.js:17:21)
2026-06-17 16:25:46:     at Module._compile (node:internal/modules/cjs/loader:1521:14)
2026-06-17 16:25:46:     at Module._extensions..js (node:internal/modules/cjs/loader:1623:10)
2026-06-17 16:25:51: ReferenceError: router is not defined
2026-06-17 16:25:51:     at Object.<anonymous> (/var/www/html/sites/biometrico/backend/routes/excelRoutes.js:4:1)
2026-06-17 16:25:51:     at Module._compile (node:internal/modules/cjs/loader:1521:14)
2026-06-17 16:25:51:     at Module._extensions..js (node:internal/modules/cjs/loader:1623:10)
2026-06-17 16:25:51:     at Module.load (node:internal/modules/cjs/loader:1266:32)
2026-06-17 16:25:51:     at Module._load (node:internal/modules/cjs/loader:1091:12)
2026-06-17 16:25:51:     at Module.require (node:internal/modules/cjs/loader:1289:19)
2026-06-17 16:25:51:     at require (node:internal/modules/helpers:182:18)
2026-06-17 16:25:51:     at Object.<anonymous> (/var/www/html/sites/biometrico/backend/index.js:17:21)
2026-06-17 16:25:51:     at Module._compile (node:internal/modules/cjs/loader:1521:14)
2026-06-17 16:25:51:     at Module._extensions..js (node:internal/modules/cjs/loader:1623:10)
2026-06-17 16:25:56: ReferenceError: router is not defined
2026-06-17 16:25:56:     at Object.<anonymous> (/var/www/html/sites/biometrico/backend/routes/excelRoutes.js:4:1)
2026-06-17 16:25:56:     at Module._compile (node:internal/modules/cjs/loader:1521:14)
2026-06-17 16:25:56:     at Module._extensions..js (node:internal/modules/cjs/loader:1623:10)
2026-06-17 16:25:56:     at Module.load (node:internal/modules/cjs/loader:1266:32)
2026-06-17 16:25:56:     at Module._load (node:internal/modules/cjs/loader:1091:12)
2026-06-17 16:25:56:     at Module.require (node:internal/modules/cjs/loader:1289:19)
2026-06-17 16:25:56:     at require (node:internal/modules/helpers:182:18)
2026-06-17 16:25:56:     at Object.<anonymous> (/var/www/html/sites/biometrico/backend/index.js:17:21)
2026-06-17 16:25:56:     at Module._compile (node:internal/modules/cjs/loader:1521:14)
2026-06-17 16:25:56:     at Module._extensions..js (node:internal/modules/cjs/loader:1623:10)
2026-06-17 16:26:01: ReferenceError: router is not defined
2026-06-17 16:26:01:     at Object.<anonymous> (/var/www/html/sites/biometrico/backend/routes/excelRoutes.js:4:1)
2026-06-17 16:26:01:     at Module._compile (node:internal/modules/cjs/loader:1521:14)
2026-06-17 16:26:01:     at Module._extensions..js (node:internal/modules/cjs/loader:1623:10)
2026-06-17 16:26:01:     at Module.load (node:internal/modules/cjs/loader:1266:32)
2026-06-17 16:26:01:     at Module._load (node:internal/modules/cjs/loader:1091:12)
2026-06-17 16:26:01:     at Module.require (node:internal/modules/cjs/loader:1289:19)
2026-06-17 16:26:01:     at require (node:internal/modules/helpers:182:18)
2026-06-17 16:26:01:     at Object.<anonymous> (/var/www/html/sites/biometrico/backend/index.js:17:21)
2026-06-17 16:26:01:     at Module._compile (node:internal/modules/cjs/loader:1521:14)
2026-06-17 16:26:01:     at Module._extensions..js (node:internal/modules/cjs/loader:1623:10)
2026-06-17 16:26:07: ReferenceError: router is not defined
2026-06-17 16:26:07:     at Object.<anonymous> (/var/www/html/sites/biometrico/backend/routes/excelRoutes.js:4:1)
2026-06-17 16:26:07:     at Module._compile (node:internal/modules/cjs/loader:1521:14)
2026-06-17 16:26:07:     at Module._extensions..js (node:internal/modules/cjs/loader:1623:10)
2026-06-17 16:26:07:     at Module.load (node:internal/modules/cjs/loader:1266:32)
2026-06-17 16:26:07:     at Module._load (node:internal/modules/cjs/loader:1091:12)
2026-06-17 16:26:07:     at Module.require (node:internal/modules/cjs/loader:1289:19)
2026-06-17 16:26:07:     at require (node:internal/modules/helpers:182:18)
2026-06-17 16:26:07:     at Object.<anonymous> (/var/www/html/sites/biometrico/backend/index.js:17:21)
2026-06-17 16:26:07:     at Module._compile (node:internal/modules/cjs/loader:1521:14)
2026-06-17 16:26:07:     at Module._extensions..js (node:internal/modules/cjs/loader:1623:10)
2026-06-17 16:26:12: ReferenceError: router is not defined
2026-06-17 16:26:12:     at Object.<anonymous> (/var/www/html/sites/biometrico/backend/routes/excelRoutes.js:4:1)
2026-06-17 16:26:12:     at Module._compile (node:internal/modules/cjs/loader:1521:14)
2026-06-17 16:26:12:     at Module._extensions..js (node:internal/modules/cjs/loader:1623:10)
2026-06-17 16:26:12:     at Module.load (node:internal/modules/cjs/loader:1266:32)
2026-06-17 16:26:12:     at Module._load (node:internal/modules/cjs/loader:1091:12)
2026-06-17 16:26:12:     at Module.require (node:internal/modules/cjs/loader:1289:19)
2026-06-17 16:26:12:     at require (node:internal/modules/helpers:182:18)
2026-06-17 16:26:12:     at Object.<anonymous> (/var/www/html/sites/biometrico/backend/index.js:17:21)
2026-06-17 16:26:12:     at Module._compile (node:internal/modules/cjs/loader:1521:14)
2026-06-17 16:26:12:     at Module._extensions..js (node:internal/modules/cjs/loader:1623:10)
2026-06-17 16:26:17: ReferenceError: router is not defined
2026-06-17 16:26:17:     at Object.<anonymous> (/var/www/html/sites/biometrico/backend/routes/excelRoutes.js:4:1)
2026-06-17 16:26:17:     at Module._compile (node:internal/modules/cjs/loader:1521:14)
2026-06-17 16:26:17:     at Module._extensions..js (node:internal/modules/cjs/loader:1623:10)
2026-06-17 16:26:17:     at Module.load (node:internal/modules/cjs/loader:1266:32)
2026-06-17 16:26:17:     at Module._load (node:internal/modules/cjs/loader:1091:12)
2026-06-17 16:26:17:     at Module.require (node:internal/modules/cjs/loader:1289:19)
2026-06-17 16:26:17:     at require (node:internal/modules/helpers:182:18)
2026-06-17 16:26:17:     at Object.<anonymous> (/var/www/html/sites/biometrico/backend/index.js:17:21)
2026-06-17 16:26:17:     at Module._compile (node:internal/modules/cjs/loader:1521:14)
2026-06-17 16:26:17:     at Module._extensions..js (node:internal/modules/cjs/loader:1623:10)
2026-06-17 16:26:22: ReferenceError: router is not defined
2026-06-17 16:26:22:     at Object.<anonymous> (/var/www/html/sites/biometrico/backend/routes/excelRoutes.js:4:1)
2026-06-17 16:26:22:     at Module._compile (node:internal/modules/cjs/loader:1521:14)
2026-06-17 16:26:22:     at Module._extensions..js (node:internal/modules/cjs/loader:1623:10)
2026-06-17 16:26:22:     at Module.load (node:internal/modules/cjs/loader:1266:32)
2026-06-17 16:26:22:     at Module._load (node:internal/modules/cjs/loader:1091:12)
2026-06-17 16:26:22:     at Module.require (node:internal/modules/cjs/loader:1289:19)
2026-06-17 16:26:22:     at require (node:internal/modules/helpers:182:18)
2026-06-17 16:26:22:     at Object.<anonymous> (/var/www/html/sites/biometrico/backend/index.js:17:21)
2026-06-17 16:26:22:     at Module._compile (node:internal/modules/cjs/loader:1521:14)
2026-06-17 16:26:22:     at Module._extensions..js (node:internal/modules/cjs/loader:1623:10)
2026-06-17 16:26:28: ReferenceError: router is not defined
2026-06-17 16:26:28:     at Object.<anonymous> (/var/www/html/sites/biometrico/backend/routes/excelRoutes.js:4:1)
2026-06-17 16:26:28:     at Module._compile (node:internal/modules/cjs/loader:1521:14)
2026-06-17 16:26:28:     at Module._extensions..js (node:internal/modules/cjs/loader:1623:10)
2026-06-17 16:26:28:     at Module.load (node:internal/modules/cjs/loader:1266:32)
2026-06-17 16:26:28:     at Module._load (node:internal/modules/cjs/loader:1091:12)
2026-06-17 16:26:28:     at Module.require (node:internal/modules/cjs/loader:1289:19)
2026-06-17 16:26:28:     at require (node:internal/modules/helpers:182:18)
2026-06-17 16:26:28:     at Object.<anonymous> (/var/www/html/sites/biometrico/backend/index.js:17:21)
2026-06-17 16:26:28:     at Module._compile (node:internal/modules/cjs/loader:1521:14)
2026-06-17 16:26:28:     at Module._extensions..js (node:internal/modules/cjs/loader:1623:10)
2026-06-17 16:26:33: ReferenceError: router is not defined
2026-06-17 16:26:33:     at Object.<anonymous> (/var/www/html/sites/biometrico/backend/routes/excelRoutes.js:4:1)
2026-06-17 16:26:33:     at Module._compile (node:internal/modules/cjs/loader:1521:14)
2026-06-17 16:26:33:     at Module._extensions..js (node:internal/modules/cjs/loader:1623:10)
2026-06-17 16:26:33:     at Module.load (node:internal/modules/cjs/loader:1266:32)
2026-06-17 16:26:33:     at Module._load (node:internal/modules/cjs/loader:1091:12)
2026-06-17 16:26:33:     at Module.require (node:internal/modules/cjs/loader:1289:19)
2026-06-17 16:26:33:     at require (node:internal/modules/helpers:182:18)
2026-06-17 16:26:33:     at Object.<anonymous> (/var/www/html/sites/biometrico/backend/index.js:17:21)
2026-06-17 16:26:33:     at Module._compile (node:internal/modules/cjs/loader:1521:14)
2026-06-17 16:26:33:     at Module._extensions..js (node:internal/modules/cjs/loader:1623:10)
2026-06-17 16:26:38: ReferenceError: router is not defined
2026-06-17 16:26:38:     at Object.<anonymous> (/var/www/html/sites/biometrico/backend/routes/excelRoutes.js:4:1)
2026-06-17 16:26:38:     at Module._compile (node:internal/modules/cjs/loader:1521:14)
2026-06-17 16:26:38:     at Module._extensions..js (node:internal/modules/cjs/loader:1623:10)
2026-06-17 16:26:38:     at Module.load (node:internal/modules/cjs/loader:1266:32)
2026-06-17 16:26:38:     at Module._load (node:internal/modules/cjs/loader:1091:12)
2026-06-17 16:26:38:     at Module.require (node:internal/modules/cjs/loader:1289:19)
2026-06-17 16:26:38:     at require (node:internal/modules/helpers:182:18)
2026-06-17 16:26:38:     at Object.<anonymous> (/var/www/html/sites/biometrico/backend/index.js:17:21)
2026-06-17 16:26:38:     at Module._compile (node:internal/modules/cjs/loader:1521:14)
2026-06-17 16:26:38:     at Module._extensions..js (node:internal/modules/cjs/loader:1623:10)
2026-06-17 16:26:43: ReferenceError: router is not defined
2026-06-17 16:26:43:     at Object.<anonymous> (/var/www/html/sites/biometrico/backend/routes/excelRoutes.js:4:1)
2026-06-17 16:26:43:     at Module._compile (node:internal/modules/cjs/loader:1521:14)
2026-06-17 16:26:43:     at Module._extensions..js (node:internal/modules/cjs/loader:1623:10)
2026-06-17 16:26:43:     at Module.load (node:internal/modules/cjs/loader:1266:32)
2026-06-17 16:26:43:     at Module._load (node:internal/modules/cjs/loader:1091:12)
2026-06-17 16:26:43:     at Module.require (node:internal/modules/cjs/loader:1289:19)
2026-06-17 16:26:43:     at require (node:internal/modules/helpers:182:18)
2026-06-17 16:26:43:     at Object.<anonymous> (/var/www/html/sites/biometrico/backend/index.js:17:21)
2026-06-17 16:26:43:     at Module._compile (node:internal/modules/cjs/loader:1521:14)
2026-06-17 16:26:43:     at Module._extensions..js (node:internal/modules/cjs/loader:1623:10)
2026-06-17 16:26:49: ReferenceError: router is not defined
2026-06-17 16:26:49:     at Object.<anonymous> (/var/www/html/sites/biometrico/backend/routes/excelRoutes.js:4:1)
2026-06-17 16:26:49:     at Module._compile (node:internal/modules/cjs/loader:1521:14)
2026-06-17 16:26:49:     at Module._extensions..js (node:internal/modules/cjs/loader:1623:10)
2026-06-17 16:26:49:     at Module.load (node:internal/modules/cjs/loader:1266:32)
2026-06-17 16:26:49:     at Module._load (node:internal/modules/cjs/loader:1091:12)
2026-06-17 16:26:49:     at Module.require (node:internal/modules/cjs/loader:1289:19)
2026-06-17 16:26:49:     at require (node:internal/modules/helpers:182:18)
2026-06-17 16:26:49:     at Object.<anonymous> (/var/www/html/sites/biometrico/backend/index.js:17:21)
2026-06-17 16:26:49:     at Module._compile (node:internal/modules/cjs/loader:1521:14)
2026-06-17 16:26:49:     at Module._extensions..js (node:internal/modules/cjs/loader:1623:10)
2026-06-17 16:26:54: ReferenceError: router is not defined
2026-06-17 16:26:54:     at Object.<anonymous> (/var/www/html/sites/biometrico/backend/routes/excelRoutes.js:4:1)
2026-06-17 16:26:54:     at Module._compile (node:internal/modules/cjs/loader:1521:14)
2026-06-17 16:26:54:     at Module._extensions..js (node:internal/modules/cjs/loader:1623:10)
2026-06-17 16:26:54:     at Module.load (node:internal/modules/cjs/loader:1266:32)
2026-06-17 16:26:54:     at Module._load (node:internal/modules/cjs/loader:1091:12)
2026-06-17 16:26:54:     at Module.require (node:internal/modules/cjs/loader:1289:19)
2026-06-17 16:26:54:     at require (node:internal/modules/helpers:182:18)
2026-06-17 16:26:54:     at Object.<anonymous> (/var/www/html/sites/biometrico/backend/index.js:17:21)
2026-06-17 16:26:54:     at Module._compile (node:internal/modules/cjs/loader:1521:14)
2026-06-17 16:26:54:     at Module._extensions..js (node:internal/modules/cjs/loader:1623:10)
2026-06-17 16:26:59: ReferenceError: router is not defined
2026-06-17 16:26:59:     at Object.<anonymous> (/var/www/html/sites/biometrico/backend/routes/excelRoutes.js:4:1)
2026-06-17 16:26:59:     at Module._compile (node:internal/modules/cjs/loader:1521:14)
2026-06-17 16:26:59:     at Module._extensions..js (node:internal/modules/cjs/loader:1623:10)
2026-06-17 16:26:59:     at Module.load (node:internal/modules/cjs/loader:1266:32)
2026-06-17 16:26:59:     at Module._load (node:internal/modules/cjs/loader:1091:12)
2026-06-17 16:26:59:     at Module.require (node:internal/modules/cjs/loader:1289:19)
2026-06-17 16:26:59:     at require (node:internal/modules/helpers:182:18)
2026-06-17 16:26:59:     at Object.<anonymous> (/var/www/html/sites/biometrico/backend/index.js:17:21)
2026-06-17 16:26:59:     at Module._compile (node:internal/modules/cjs/loader:1521:14)
2026-06-17 16:26:59:     at Module._extensions..js (node:internal/modules/cjs/loader:1623:10)
2026-06-17 16:27:04: ReferenceError: router is not defined
2026-06-17 16:27:04:     at Object.<anonymous> (/var/www/html/sites/biometrico/backend/routes/excelRoutes.js:4:1)
2026-06-17 16:27:04:     at Module._compile (node:internal/modules/cjs/loader:1521:14)
2026-06-17 16:27:04:     at Module._extensions..js (node:internal/modules/cjs/loader:1623:10)
2026-06-17 16:27:04:     at Module.load (node:internal/modules/cjs/loader:1266:32)
2026-06-17 16:27:04:     at Module._load (node:internal/modules/cjs/loader:1091:12)
2026-06-17 16:27:04:     at Module.require (node:internal/modules/cjs/loader:1289:19)
2026-06-17 16:27:04:     at require (node:internal/modules/helpers:182:18)
2026-06-17 16:27:04:     at Object.<anonymous> (/var/www/html/sites/biometrico/backend/index.js:17:21)
2026-06-17 16:27:04:     at Module._compile (node:internal/modules/cjs/loader:1521:14)
2026-06-17 16:27:04:     at Module._extensions..js (node:internal/modules/cjs/loader:1623:10)
2026-06-17 16:27:10: ReferenceError: router is not defined
2026-06-17 16:27:10:     at Object.<anonymous> (/var/www/html/sites/biometrico/backend/routes/excelRoutes.js:4:1)
2026-06-17 16:27:10:     at Module._compile (node:internal/modules/cjs/loader:1521:14)
2026-06-17 16:27:10:     at Module._extensions..js (node:internal/modules/cjs/loader:1623:10)
2026-06-17 16:27:10:     at Module.load (node:internal/modules/cjs/loader:1266:32)
2026-06-17 16:27:10:     at Module._load (node:internal/modules/cjs/loader:1091:12)
2026-06-17 16:27:10:     at Module.require (node:internal/modules/cjs/loader:1289:19)
2026-06-17 16:27:10:     at require (node:internal/modules/helpers:182:18)
2026-06-17 16:27:10:     at Object.<anonymous> (/var/www/html/sites/biometrico/backend/index.js:17:21)
2026-06-17 16:27:10:     at Module._compile (node:internal/modules/cjs/loader:1521:14)
2026-06-17 16:27:10:     at Module._extensions..js (node:internal/modules/cjs/loader:1623:10)
2026-06-17 16:27:15: ReferenceError: router is not defined
2026-06-17 16:27:15:     at Object.<anonymous> (/var/www/html/sites/biometrico/backend/routes/excelRoutes.js:4:1)
2026-06-17 16:27:15:     at Module._compile (node:internal/modules/cjs/loader:1521:14)
2026-06-17 16:27:15:     at Module._extensions..js (node:internal/modules/cjs/loader:1623:10)
2026-06-17 16:27:15:     at Module.load (node:internal/modules/cjs/loader:1266:32)
2026-06-17 16:27:15:     at Module._load (node:internal/modules/cjs/loader:1091:12)
2026-06-17 16:27:15:     at Module.require (node:internal/modules/cjs/loader:1289:19)
2026-06-17 16:27:15:     at require (node:internal/modules/helpers:182:18)
2026-06-17 16:27:15:     at Object.<anonymous> (/var/www/html/sites/biometrico/backend/index.js:17:21)
2026-06-17 16:27:15:     at Module._compile (node:internal/modules/cjs/loader:1521:14)
2026-06-17 16:27:15:     at Module._extensions..js (node:internal/modules/cjs/loader:1623:10)
2026-06-17 16:27:20: ReferenceError: router is not defined
2026-06-17 16:27:20:     at Object.<anonymous> (/var/www/html/sites/biometrico/backend/routes/excelRoutes.js:4:1)
2026-06-17 16:27:20:     at Module._compile (node:internal/modules/cjs/loader:1521:14)
2026-06-17 16:27:20:     at Module._extensions..js (node:internal/modules/cjs/loader:1623:10)
2026-06-17 16:27:20:     at Module.load (node:internal/modules/cjs/loader:1266:32)
2026-06-17 16:27:20:     at Module._load (node:internal/modules/cjs/loader:1091:12)
2026-06-17 16:27:20:     at Module.require (node:internal/modules/cjs/loader:1289:19)
2026-06-17 16:27:20:     at require (node:internal/modules/helpers:182:18)
2026-06-17 16:27:20:     at Object.<anonymous> (/var/www/html/sites/biometrico/backend/index.js:17:21)
2026-06-17 16:27:20:     at Module._compile (node:internal/modules/cjs/loader:1521:14)
2026-06-17 16:27:20:     at Module._extensions..js (node:internal/modules/cjs/loader:1623:10)
2026-06-17 16:27:25: ReferenceError: router is not defined
2026-06-17 16:27:25:     at Object.<anonymous> (/var/www/html/sites/biometrico/backend/routes/excelRoutes.js:4:1)
2026-06-17 16:27:25:     at Module._compile (node:internal/modules/cjs/loader:1521:14)
2026-06-17 16:27:25:     at Module._extensions..js (node:internal/modules/cjs/loader:1623:10)
2026-06-17 16:27:25:     at Module.load (node:internal/modules/cjs/loader:1266:32)
2026-06-17 16:27:25:     at Module._load (node:internal/modules/cjs/loader:1091:12)
2026-06-17 16:27:25:     at Module.require (node:internal/modules/cjs/loader:1289:19)
2026-06-17 16:27:25:     at require (node:internal/modules/helpers:182:18)
2026-06-17 16:27:25:     at Object.<anonymous> (/var/www/html/sites/biometrico/backend/index.js:17:21)
2026-06-17 16:27:25:     at Module._compile (node:internal/modules/cjs/loader:1521:14)
2026-06-17 16:27:25:     at Module._extensions..js (node:internal/modules/cjs/loader:1623:10)
2026-06-17 16:27:31: ReferenceError: router is not defined
2026-06-17 16:27:31:     at Object.<anonymous> (/var/www/html/sites/biometrico/backend/routes/excelRoutes.js:4:1)
2026-06-17 16:27:31:     at Module._compile (node:internal/modules/cjs/loader:1521:14)
2026-06-17 16:27:31:     at Module._extensions..js (node:internal/modules/cjs/loader:1623:10)
2026-06-17 16:27:31:     at Module.load (node:internal/modules/cjs/loader:1266:32)
2026-06-17 16:27:31:     at Module._load (node:internal/modules/cjs/loader:1091:12)
2026-06-17 16:27:31:     at Module.require (node:internal/modules/cjs/loader:1289:19)
2026-06-17 16:27:31:     at require (node:internal/modules/helpers:182:18)
2026-06-17 16:27:31:     at Object.<anonymous> (/var/www/html/sites/biometrico/backend/index.js:17:21)
2026-06-17 16:27:31:     at Module._compile (node:internal/modules/cjs/loader:1521:14)
2026-06-17 16:27:31:     at Module._extensions..js (node:internal/modules/cjs/loader:1623:10)
2026-06-17 16:27:36: ReferenceError: router is not defined
2026-06-17 16:27:36:     at Object.<anonymous> (/var/www/html/sites/biometrico/backend/routes/excelRoutes.js:4:1)
2026-06-17 16:27:36:     at Module._compile (node:internal/modules/cjs/loader:1521:14)
2026-06-17 16:27:36:     at Module._extensions..js (node:internal/modules/cjs/loader:1623:10)
2026-06-17 16:27:36:     at Module.load (node:internal/modules/cjs/loader:1266:32)
2026-06-17 16:27:36:     at Module._load (node:internal/modules/cjs/loader:1091:12)
2026-06-17 16:27:36:     at Module.require (node:internal/modules/cjs/loader:1289:19)
2026-06-17 16:27:36:     at require (node:internal/modules/helpers:182:18)
2026-06-17 16:27:36:     at Object.<anonymous> (/var/www/html/sites/biometrico/backend/index.js:17:21)
2026-06-17 16:27:36:     at Module._compile (node:internal/modules/cjs/loader:1521:14)
2026-06-17 16:27:36:     at Module._extensions..js (node:internal/modules/cjs/loader:1623:10)
2026-06-17 16:27:41: ReferenceError: router is not defined
2026-06-17 16:27:41:     at Object.<anonymous> (/var/www/html/sites/biometrico/backend/routes/excelRoutes.js:4:1)
2026-06-17 16:27:41:     at Module._compile (node:internal/modules/cjs/loader:1521:14)
2026-06-17 16:27:41:     at Module._extensions..js (node:internal/modules/cjs/loader:1623:10)
2026-06-17 16:27:41:     at Module.load (node:internal/modules/cjs/loader:1266:32)
2026-06-17 16:27:41:     at Module._load (node:internal/modules/cjs/loader:1091:12)
2026-06-17 16:27:41:     at Module.require (node:internal/modules/cjs/loader:1289:19)
2026-06-17 16:27:41:     at require (node:internal/modules/helpers:182:18)
2026-06-17 16:27:41:     at Object.<anonymous> (/var/www/html/sites/biometrico/backend/index.js:17:21)
2026-06-17 16:27:41:     at Module._compile (node:internal/modules/cjs/loader:1521:14)
2026-06-17 16:27:41:     at Module._extensions..js (node:internal/modules/cjs/loader:1623:10)
2026-06-17 16:27:46: ReferenceError: router is not defined
2026-06-17 16:27:46:     at Object.<anonymous> (/var/www/html/sites/biometrico/backend/routes/excelRoutes.js:4:1)
2026-06-17 16:27:46:     at Module._compile (node:internal/modules/cjs/loader:1521:14)
2026-06-17 16:27:46:     at Module._extensions..js (node:internal/modules/cjs/loader:1623:10)
2026-06-17 16:27:46:     at Module.load (node:internal/modules/cjs/loader:1266:32)
2026-06-17 16:27:46:     at Module._load (node:internal/modules/cjs/loader:1091:12)
2026-06-17 16:27:46:     at Module.require (node:internal/modules/cjs/loader:1289:19)
2026-06-17 16:27:46:     at require (node:internal/modules/helpers:182:18)
2026-06-17 16:27:46:     at Object.<anonymous> (/var/www/html/sites/biometrico/backend/index.js:17:21)
2026-06-17 16:27:46:     at Module._compile (node:internal/modules/cjs/loader:1521:14)
2026-06-17 16:27:46:     at Module._extensions..js (node:internal/modules/cjs/loader:1623:10)
2026-06-17 16:27:52: ReferenceError: router is not defined
2026-06-17 16:27:52:     at Object.<anonymous> (/var/www/html/sites/biometrico/backend/routes/excelRoutes.js:4:1)
2026-06-17 16:27:52:     at Module._compile (node:internal/modules/cjs/loader:1521:14)
2026-06-17 16:27:52:     at Module._extensions..js (node:internal/modules/cjs/loader:1623:10)
2026-06-17 16:27:52:     at Module.load (node:internal/modules/cjs/loader:1266:32)
2026-06-17 16:27:52:     at Module._load (node:internal/modules/cjs/loader:1091:12)
2026-06-17 16:27:52:     at Module.require (node:internal/modules/cjs/loader:1289:19)
2026-06-17 16:27:52:     at require (node:internal/modules/helpers:182:18)
2026-06-17 16:27:52:     at Object.<anonymous> (/var/www/html/sites/biometrico/backend/index.js:17:21)
2026-06-17 16:27:52:     at Module._compile (node:internal/modules/cjs/loader:1521:14)
2026-06-17 16:27:52:     at Module._extensions..js (node:internal/modules/cjs/loader:1623:10)
2026-06-17 16:27:57: ReferenceError: router is not defined
2026-06-17 16:27:57:     at Object.<anonymous> (/var/www/html/sites/biometrico/backend/routes/excelRoutes.js:4:1)
2026-06-17 16:27:57:     at Module._compile (node:internal/modules/cjs/loader:1521:14)
2026-06-17 16:27:57:     at Module._extensions..js (node:internal/modules/cjs/loader:1623:10)
2026-06-17 16:27:57:     at Module.load (node:internal/modules/cjs/loader:1266:32)
2026-06-17 16:27:57:     at Module._load (node:internal/modules/cjs/loader:1091:12)
2026-06-17 16:27:57:     at Module.require (node:internal/modules/cjs/loader:1289:19)
2026-06-17 16:27:57:     at require (node:internal/modules/helpers:182:18)
2026-06-17 16:27:57:     at Object.<anonymous> (/var/www/html/sites/biometrico/backend/index.js:17:21)
2026-06-17 16:27:57:     at Module._compile (node:internal/modules/cjs/loader:1521:14)
2026-06-17 16:27:57:     at Module._extensions..js (node:internal/modules/cjs/loader:1623:10)
2026-06-17 16:28:02: ReferenceError: router is not defined
2026-06-17 16:28:02:     at Object.<anonymous> (/var/www/html/sites/biometrico/backend/routes/excelRoutes.js:4:1)
2026-06-17 16:28:02:     at Module._compile (node:internal/modules/cjs/loader:1521:14)
2026-06-17 16:28:02:     at Module._extensions..js (node:internal/modules/cjs/loader:1623:10)
2026-06-17 16:28:02:     at Module.load (node:internal/modules/cjs/loader:1266:32)
2026-06-17 16:28:02:     at Module._load (node:internal/modules/cjs/loader:1091:12)
2026-06-17 16:28:02:     at Module.require (node:internal/modules/cjs/loader:1289:19)
2026-06-17 16:28:02:     at require (node:internal/modules/helpers:182:18)
2026-06-17 16:28:02:     at Object.<anonymous> (/var/www/html/sites/biometrico/backend/index.js:17:21)
2026-06-17 16:28:02:     at Module._compile (node:internal/modules/cjs/loader:1521:14)
2026-06-17 16:28:02:     at Module._extensions..js (node:internal/modules/cjs/loader:1623:10)
2026-06-17 16:28:07: ReferenceError: router is not defined
2026-06-17 16:28:07:     at Object.<anonymous> (/var/www/html/sites/biometrico/backend/routes/excelRoutes.js:4:1)
2026-06-17 16:28:07:     at Module._compile (node:internal/modules/cjs/loader:1521:14)
2026-06-17 16:28:07:     at Module._extensions..js (node:internal/modules/cjs/loader:1623:10)
2026-06-17 16:28:07:     at Module.load (node:internal/modules/cjs/loader:1266:32)
2026-06-17 16:28:07:     at Module._load (node:internal/modules/cjs/loader:1091:12)
2026-06-17 16:28:07:     at Module.require (node:internal/modules/cjs/loader:1289:19)
2026-06-17 16:28:07:     at require (node:internal/modules/helpers:182:18)
2026-06-17 16:28:07:     at Object.<anonymous> (/var/www/html/sites/biometrico/backend/index.js:17:21)
2026-06-17 16:28:07:     at Module._compile (node:internal/modules/cjs/loader:1521:14)
2026-06-17 16:28:07:     at Module._extensions..js (node:internal/modules/cjs/loader:1623:10)
2026-06-17 16:28:13: ReferenceError: router is not defined
2026-06-17 16:28:13:     at Object.<anonymous> (/var/www/html/sites/biometrico/backend/routes/excelRoutes.js:4:1)
2026-06-17 16:28:13:     at Module._compile (node:internal/modules/cjs/loader:1521:14)
2026-06-17 16:28:13:     at Module._extensions..js (node:internal/modules/cjs/loader:1623:10)
2026-06-17 16:28:13:     at Module.load (node:internal/modules/cjs/loader:1266:32)
2026-06-17 16:28:13:     at Module._load (node:internal/modules/cjs/loader:1091:12)
2026-06-17 16:28:13:     at Module.require (node:internal/modules/cjs/loader:1289:19)
2026-06-17 16:28:13:     at require (node:internal/modules/helpers:182:18)
2026-06-17 16:28:13:     at Object.<anonymous> (/var/www/html/sites/biometrico/backend/index.js:17:21)
2026-06-17 16:28:13:     at Module._compile (node:internal/modules/cjs/loader:1521:14)
2026-06-17 16:28:13:     at Module._extensions..js (node:internal/modules/cjs/loader:1623:10)
2026-06-17 16:28:18: ReferenceError: router is not defined
2026-06-17 16:28:18:     at Object.<anonymous> (/var/www/html/sites/biometrico/backend/routes/excelRoutes.js:4:1)
2026-06-17 16:28:18:     at Module._compile (node:internal/modules/cjs/loader:1521:14)
2026-06-17 16:28:18:     at Module._extensions..js (node:internal/modules/cjs/loader:1623:10)
2026-06-17 16:28:18:     at Module.load (node:internal/modules/cjs/loader:1266:32)
2026-06-17 16:28:18:     at Module._load (node:internal/modules/cjs/loader:1091:12)
2026-06-17 16:28:18:     at Module.require (node:internal/modules/cjs/loader:1289:19)
2026-06-17 16:28:18:     at require (node:internal/modules/helpers:182:18)
2026-06-17 16:28:18:     at Object.<anonymous> (/var/www/html/sites/biometrico/backend/index.js:17:21)
2026-06-17 16:28:18:     at Module._compile (node:internal/modules/cjs/loader:1521:14)
2026-06-17 16:28:18:     at Module._extensions..js (node:internal/modules/cjs/loader:1623:10)
2026-06-17 16:28:23: ReferenceError: router is not defined
2026-06-17 16:28:23:     at Object.<anonymous> (/var/www/html/sites/biometrico/backend/routes/excelRoutes.js:4:1)
2026-06-17 16:28:23:     at Module._compile (node:internal/modules/cjs/loader:1521:14)
2026-06-17 16:28:23:     at Module._extensions..js (node:internal/modules/cjs/loader:1623:10)
2026-06-17 16:28:23:     at Module.load (node:internal/modules/cjs/loader:1266:32)
2026-06-17 16:28:23:     at Module._load (node:internal/modules/cjs/loader:1091:12)
2026-06-17 16:28:23:     at Module.require (node:internal/modules/cjs/loader:1289:19)
2026-06-17 16:28:23:     at require (node:internal/modules/helpers:182:18)
2026-06-17 16:28:23:     at Object.<anonymous> (/var/www/html/sites/biometrico/backend/index.js:17:21)
2026-06-17 16:28:23:     at Module._compile (node:internal/modules/cjs/loader:1521:14)
2026-06-17 16:28:23:     at Module._extensions..js (node:internal/modules/cjs/loader:1623:10)
2026-06-17 16:28:40: (node:729384) Warning: SECURITY WARNING: The SSL modes 'prefer', 'require', and 'verify-ca' are treated as aliases for 'verify-full'.
2026-06-17 16:28:40: In the next major version (pg-connection-string v3.0.0 and pg v9.0.0), these modes will adopt standard libpq semantics, which have weaker security guarantees.
2026-06-17 16:28:40: 
2026-06-17 16:28:40: To prepare for this change:
2026-06-17 16:28:40: - If you want the current behavior, explicitly use 'sslmode=verify-full'
2026-06-17 16:28:40: - If you want libpq compatibility now, use 'uselibpqcompat=true&sslmode=require'
2026-06-17 16:28:40: 
2026-06-17 16:28:40: See https://www.postgresql.org/docs/current/libpq-ssl.html for libpq SSL mode definitions.
2026-06-17 16:28:40: (Use `node --trace-warnings ...` to show where the warning was created)
